
List of user-set options:

                                    Name   Value                used
                        file_print_level = 5                     yes
                   hessian_approximation = limited-memory        yes
                           linear_solver = mumps                 yes
                                max_iter = 40                    yes
                             mu_strategy = adaptive              yes
                      nlp_scaling_method = gradient-based        yes
                             output_file = run_outputs\b738_avl_optimization_20260731_105946_out/IPOPT.out  yes
                             print_level = 0                     yes
                      print_user_options = yes                   yes
                                      sb = yes                   yes
                                     tol = 1e-06                 yes
This is Ipopt version 3.14.19, running with linear solver MUMPS 5.8.2.

Number of nonzeros in equality constraint Jacobian...:        0
Number of nonzeros in inequality constraint Jacobian.:      122
Number of nonzeros in Lagrangian Hessian.............:        0

Total number of variables............................:        5
                     variables with only lower bounds:        0
                variables with lower and upper bounds:        5
                     variables with only upper bounds:        0
Total number of equality constraints.................:        0
Total number of inequality constraints...............:       25
        inequality constraints with only lower bounds:        1
   inequality constraints with lower and upper bounds:       22
        inequality constraints with only upper bounds:        2

iter    objective    inf_pr   inf_du lg(mu)  ||d||  lg(rg) alpha_du alpha_pr  ls
   0  8.7012241e-01 0.00e+00 7.44e-01   0.0 0.00e+00    -  0.00e+00 0.00e+00   0
   1  8.6358853e-01 0.00e+00 2.07e-02  -1.9 3.57e-02    -  9.80e-01 1.00e+00f  1
   2  8.0935505e-01 0.00e+00 3.82e-02  -2.4 1.27e-01    -  9.96e-01 1.00e+00h  1
   3  7.7473999e-01 0.00e+00 7.48e-02  -3.1 5.01e-01    -  9.89e-01 1.00e+00h  1
   4  7.7007009e-01 0.00e+00 5.09e-03  -3.3 1.36e-01    -  1.00e+00 9.95e-01h  1
   5  7.6721783e-01 0.00e+00 4.82e-03  -3.8 1.52e-01    -  9.85e-01 1.00e+00h  1
Warning: Cutting back alpha due to evaluation error
   6  7.6653667e-01 0.00e+00 3.63e-03  -4.5 7.26e-02    -  1.00e+00 4.97e-01h  2
Warning: Cutting back alpha due to evaluation error
   7  7.6622536e-01 0.00e+00 3.52e-03  -4.4 3.42e-02    -  1.00e+00 4.97e-01h  2
Warning: Cutting back alpha due to evaluation error
   8  7.6604936e-01 0.00e+00 4.17e-03  -4.6 1.62e-02    -  1.00e+00 4.96e-01h  2
Warning: Cutting back alpha due to evaluation error
   9  7.6592754e-01 0.00e+00 5.64e-03  -4.8 2.20e-02    -  1.00e+00 4.95e-01h  2
Warning: Cutting back alpha due to evaluation error
iter    objective    inf_pr   inf_du lg(mu)  ||d||  lg(rg) alpha_du alpha_pr  ls
  10  7.6583102e-01 0.00e+00 6.21e-03  -5.1 4.24e-02    -  1.00e+00 4.92e-01h  2
Warning: Cutting back alpha due to evaluation error
  11  7.6578597e-01 0.00e+00 4.08e-03  -5.9 2.40e-02    -  1.00e+00 4.97e-01h  2
Warning: Cutting back alpha due to evaluation error
  12  7.6576686e-01 0.00e+00 2.73e-03  -6.3 1.09e-02    -  1.00e+00 4.99e-01h  2
Warning: Cutting back alpha due to evaluation error
  13  7.6575773e-01 0.00e+00 1.48e-03  -7.3 5.13e-03    -  1.00e+00 5.00e-01h  2
Warning: Cutting back alpha due to evaluation error
  14  7.6575331e-01 0.00e+00 7.78e-04  -8.0 2.51e-03    -  1.00e+00 5.00e-01h  2
Warning: Cutting back alpha due to evaluation error
  15  7.6575114e-01 0.00e+00 3.85e-04  -8.9 1.20e-03    -  1.00e+00 5.00e-01h  2
Warning: Cutting back alpha due to evaluation error
  16  7.6575006e-01 0.00e+00 1.94e-04  -9.3 8.82e-04    -  1.00e+00 5.00e-01h  2
Warning: Cutting back alpha due to evaluation error
  17  7.6574952e-01 0.00e+00 9.80e-05  -9.8 4.30e-04    -  1.00e+00 5.00e-01h  2
Warning: Cutting back alpha due to evaluation error
  18  7.6574926e-01 0.00e+00 5.00e-05 -10.0 3.86e-05    -  1.00e+00 5.00e-01h  2
Warning: Cutting back alpha due to evaluation error
  19  7.6574912e-01 0.00e+00 2.33e-05 -11.0 1.73e-05    -  1.00e+00 5.00e-01h  2
Warning: Cutting back alpha due to evaluation error
iter    objective    inf_pr   inf_du lg(mu)  ||d||  lg(rg) alpha_du alpha_pr  ls
  20  7.6574906e-01 0.00e+00 1.16e-05 -11.0 8.70e-06    -  1.00e+00 5.00e-01h  2
Warning: Cutting back alpha due to evaluation error
  21  7.6574902e-01 0.00e+00 5.82e-06 -11.0 4.35e-06    -  1.00e+00 5.00e-01h  2
Warning: Cutting back alpha due to evaluation error
  22  7.6574901e-01 0.00e+00 2.70e-07 -11.0 2.17e-06    -  1.00e+00 5.00e-01h  2

Number of Iterations....: 22

                                   (scaled)                 (unscaled)
Objective...............:   7.6574900730355933e-01    7.6574900730355933e-01
Dual infeasibility......:   2.7010527206155725e-07    2.7010527206155725e-07
Constraint violation....:   0.0000000000000000e+00    0.0000000000000000e+00
Variable bound violation:   0.0000000000000000e+00    0.0000000000000000e+00
Complementarity.........:   6.3148923332128718e-09    6.3148923332128718e-09
Overall NLP error.......:   2.7010527206155725e-07    2.7010527206155725e-07


Number of objective function evaluations             = 23
Number of objective gradient evaluations             = 23
Number of equality constraint evaluations            = 0
Number of inequality constraint evaluations          = 40
Number of equality constraint Jacobian evaluations   = 0
Number of inequality constraint Jacobian evaluations = 23
Number of Lagrangian Hessian evaluations             = 0
Total seconds in IPOPT                               = 376.567

EXIT: Optimal Solution Found.
