
List of user-set options:

                                    Name   Value                used
                        file_print_level = 5                     yes
                   hessian_approximation = limited-memory        yes
                           linear_solver = mumps                 yes
                                max_iter = 40                    yes
                             mu_strategy = adaptive              yes
                      nlp_scaling_method = gradient-based        yes
                             output_file = run_outputs\b738_oas_optimization_20260731_110630_out/IPOPT.out  yes
                             print_level = 0                     yes
                      print_user_options = yes                   yes
                                      sb = yes                   yes
                                     tol = 1e-06                 yes
This is Ipopt version 3.14.19, running with linear solver MUMPS 5.8.2.

Number of nonzeros in equality constraint Jacobian...:        0
Number of nonzeros in inequality constraint Jacobian.:      122
Number of nonzeros in Lagrangian Hessian.............:        0

Total number of variables............................:        5
                     variables with only lower bounds:        0
                variables with lower and upper bounds:        5
                     variables with only upper bounds:        0
Total number of equality constraints.................:        0
Total number of inequality constraints...............:       25
        inequality constraints with only lower bounds:        1
   inequality constraints with lower and upper bounds:       22
        inequality constraints with only upper bounds:        2

iter    objective    inf_pr   inf_du lg(mu)  ||d||  lg(rg) alpha_du alpha_pr  ls
   0  8.5941882e-01 0.00e+00 7.39e-01   0.0 0.00e+00    -  0.00e+00 0.00e+00   0
   1  8.5310800e-01 0.00e+00 1.80e-02  -1.9 3.11e-02    -  9.82e-01 1.00e+00f  1
   2  7.9809058e-01 0.00e+00 4.09e-02  -2.4 1.26e-01    -  9.99e-01 1.00e+00h  1
   3  7.6287120e-01 0.00e+00 7.48e-02  -3.1 5.22e-01    -  9.95e-01 1.00e+00h  1
   4  7.5770260e-01 0.00e+00 5.40e-03  -3.3 1.42e-01    -  1.00e+00 1.00e+00h  1
   5  7.5468080e-01 0.00e+00 7.53e-03  -3.8 1.63e-01    -  9.86e-01 1.00e+00h  1
Warning: Cutting back alpha due to evaluation error
   6  7.5399701e-01 0.00e+00 4.59e-03  -4.6 7.57e-02    -  1.00e+00 5.00e-01h  2
Warning: Cutting back alpha due to evaluation error
   7  7.5369200e-01 0.00e+00 2.79e-03  -4.5 3.60e-02    -  1.00e+00 4.98e-01h  2
Warning: Cutting back alpha due to evaluation error
   8  7.5353575e-01 0.00e+00 3.48e-03  -4.6 1.73e-02    -  1.00e+00 4.97e-01h  2
Warning: Cutting back alpha due to evaluation error
   9  7.5344974e-01 0.00e+00 4.68e-03  -4.8 8.74e-03    -  1.00e+00 4.97e-01h  2
Warning: Cutting back alpha due to evaluation error
iter    objective    inf_pr   inf_du lg(mu)  ||d||  lg(rg) alpha_du alpha_pr  ls
  10  7.5339843e-01 0.00e+00 5.00e-03  -5.2 9.24e-03    -  1.00e+00 4.96e-01h  2
Warning: Cutting back alpha due to evaluation error
  11  7.5336883e-01 0.00e+00 4.24e-03  -5.7 7.67e-03    -  1.00e+00 4.97e-01h  2
  12  7.5333685e-01 0.00e+00 9.41e-05  -6.4 4.37e-03    -  1.00e+00 9.97e-01h  1
  13  7.5333598e-01 0.00e+00 3.29e-06  -8.5 6.44e-05    -  1.00e+00 1.00e+00h  1
Warning: Cutting back alpha due to evaluation error
  14  7.5333597e-01 0.00e+00 1.49e-06 -11.0 5.94e-06    -  1.00e+00 5.00e-01h  2
Warning: Cutting back alpha due to evaluation error
  15  7.5333597e-01 0.00e+00 7.75e-07 -11.0 3.59e-06    -  1.00e+00 5.00e-01h  2

Number of Iterations....: 15

                                   (scaled)                 (unscaled)
Objective...............:   7.5333596890994425e-01    7.5333596890994425e-01
Dual infeasibility......:   7.7466127148024130e-07    7.7466127148024130e-07
Constraint violation....:   0.0000000000000000e+00    0.0000000000000000e+00
Variable bound violation:   5.9320002243623549e-09    5.9320002243623549e-09
Complementarity.........:   8.2889528198057858e-10    8.2889528198057858e-10
Overall NLP error.......:   7.7466127148024130e-07    7.7466127148024130e-07


Number of objective function evaluations             = 16
Number of objective gradient evaluations             = 16
Number of equality constraint evaluations            = 0
Number of inequality constraint evaluations          = 24
Number of equality constraint Jacobian evaluations   = 0
Number of inequality constraint Jacobian evaluations = 16
Number of Lagrangian Hessian evaluations             = 0
Total seconds in IPOPT                               = 80.712

EXIT: Optimal Solution Found.
